// Jest Snapshot v1, https://goo.gl/fbAQLP

exports[`reducer() reducer()[actionTypes.SET_COMMENTS] should transform and set the api response into the "byId" state structure 1`] = `
Object {
  "commentsById": Object {
    "1": Object {
      "body": "fooBody",
      "email": "fooEmail",
      "id": 1,
      "name": "Foo",
    },
    "2": Object {
      "body": "barBody",
      "email": "barEmail",
      "id": 2,
      "name": "Bar",
    },
  },
}
`;
